// Jest Snapshot v1, https://goo.gl/fbAQLP

exports[`expect to render CardList component 1`] = `
<div>
  <div
    className="tc bg-light-green dib br3 pa3 ma2 grow bw2 shadow-5"
  >
    <img
      alt="robot"
      src="https://robohash.org/1?200x200"
    />
    <div>
      <h2>
        Dani Alva
      </h2>
      <p>
        danialva@mail.com
      </p>
    </div>
  </div>
</div>
`;
